
There are no discarded input sections

Memory Configuration

Name             Origin             Length             Attributes
*default*        0x0000000000000000 0xffffffffffffffff

Linker script and memory map

LOAD /tmp/ccgARFMR.o
                0x0000000080000000                . = 0x80000000

.text.init      0x0000000080000000    0xac3c0
 *(.text.init)
 .text.init     0x0000000080000000    0xac3c0 /tmp/ccgARFMR.o
                0x0000000080000000                rvtest_entry_point
                0x0000000080000000                rvtest_init
                0x0000000080000178                rvtest_code_begin
                0x00000000800ac300                rvtest_code_end
                0x00000000800ac300                cleanup_epilogs
                0x00000000800ad000                . = ALIGN (0x1000)

.text           0x00000000800ad000        0x0
 *(.text)
 .text          0x00000000800ad000        0x0 /tmp/ccgARFMR.o

.rodata
 *(.rodata .rodata.*)
                0x00000000a0010000                . = 0xa0010000
                0x00000000a0010000                . = ALIGN (0x1000)

.tohost         0x00000000a0010000      0x108
 *(.tohost)
 .tohost        0x00000000a0010000      0x108 /tmp/ccgARFMR.o
                0x00000000a0010000                tohost
                0x00000000a0010100                fromhost
                0x00000000a0011000                . = ALIGN (0x1000)

.data           0x00000000a0011000    0x53ed0
 *(.data)
 .data          0x00000000a0011000    0x53ed0 /tmp/ccgARFMR.o
                0x00000000a0011000                rvtest_data_begin
                0x00000000a003b000                begin_regstate
                0x00000000a003b000                rvtest_data_end
                0x00000000a003b100                end_regstate
                0x00000000a003b110                begin_signature
                0x00000000a0064ed0                end_signature

.data.string
 *(.data.string)

.bss            0x00000000a0064ed0        0x0
 *(.bss)
 .bss           0x00000000a0064ed0        0x0 /tmp/ccgARFMR.o
                0x00000000a0064ed0                _end = .
OUTPUT(my.elf elf64-littleriscv)

.riscv.attributes
                0x0000000000000000       0x31
 .riscv.attributes
                0x0000000000000000       0x31 /tmp/ccgARFMR.o

.debug_line     0x0000000000000000     0xfd80
 .debug_line    0x0000000000000000     0xfd80 /tmp/ccgARFMR.o

.debug_line_str
                0x0000000000000000       0x8c
 .debug_line_str
                0x0000000000000000       0x8c /tmp/ccgARFMR.o

.debug_info     0x0000000000000000       0x2a
 .debug_info    0x0000000000000000       0x2a /tmp/ccgARFMR.o

.debug_abbrev   0x0000000000000000       0x14
 .debug_abbrev  0x0000000000000000       0x14 /tmp/ccgARFMR.o

.debug_aranges  0x0000000000000000       0x30
 .debug_aranges
                0x0000000000000000       0x30 /tmp/ccgARFMR.o

.debug_str      0x0000000000000000       0x98
 .debug_str     0x0000000000000000       0x98 /tmp/ccgARFMR.o
