
There are no discarded input sections

Memory Configuration

Name             Origin             Length             Attributes
*default*        0x0000000000000000 0xffffffffffffffff

Linker script and memory map

LOAD /tmp/ccjQSRIs.o
                0x0000000080000000                . = 0x80000000

.text.init      0x0000000080000000     0x3180
 *(.text.init)
 .text.init     0x0000000080000000     0x3180 /tmp/ccjQSRIs.o
                0x0000000080000000                rvtest_entry_point
                0x0000000080000000                rvtest_init
                0x0000000080000178                rvtest_code_begin
                0x00000000800030c0                rvtest_code_end
                0x00000000800030c0                cleanup_epilogs
                0x0000000080004000                . = ALIGN (0x1000)

.text           0x0000000080004000        0x0
 *(.text)
 .text          0x0000000080004000        0x0 /tmp/ccjQSRIs.o

.rodata
 *(.rodata .rodata.*)
                0x00000000a0010000                . = 0xa0010000
                0x00000000a0010000                . = ALIGN (0x1000)

.tohost         0x00000000a0010000      0x108
 *(.tohost)
 .tohost        0x00000000a0010000      0x108 /tmp/ccjQSRIs.o
                0x00000000a0010000                tohost
                0x00000000a0010100                fromhost
                0x00000000a0011000                . = ALIGN (0x1000)

.data           0x00000000a0011000     0x20d0
 *(.data)
 .data          0x00000000a0011000     0x20d0 /tmp/ccjQSRIs.o
                0x00000000a0011000                rvtest_data_begin
                0x00000000a0012000                begin_regstate
                0x00000000a0012000                rvtest_data_end
                0x00000000a0012100                end_regstate
                0x00000000a0012110                begin_signature
                0x00000000a00130d0                end_signature

.data.string
 *(.data.string)

.bss            0x00000000a00130d0        0x0
 *(.bss)
 .bss           0x00000000a00130d0        0x0 /tmp/ccjQSRIs.o
                0x00000000a00130d0                _end = .
OUTPUT(my.elf elf64-littleriscv)

.riscv.attributes
                0x0000000000000000       0x31
 .riscv.attributes
                0x0000000000000000       0x31 /tmp/ccjQSRIs.o

.debug_line     0x0000000000000000      0x654
 .debug_line    0x0000000000000000      0x654 /tmp/ccjQSRIs.o

.debug_line_str
                0x0000000000000000       0x8a
 .debug_line_str
                0x0000000000000000       0x8a /tmp/ccjQSRIs.o

.debug_info     0x0000000000000000       0x29
 .debug_info    0x0000000000000000       0x29 /tmp/ccjQSRIs.o

.debug_abbrev   0x0000000000000000       0x14
 .debug_abbrev  0x0000000000000000       0x14 /tmp/ccjQSRIs.o

.debug_aranges  0x0000000000000000       0x30
 .debug_aranges
                0x0000000000000000       0x30 /tmp/ccjQSRIs.o

.debug_str      0x0000000000000000       0x96
 .debug_str     0x0000000000000000       0x96 /tmp/ccjQSRIs.o
