
There are no discarded input sections

Memory Configuration

Name             Origin             Length             Attributes
*default*        0x0000000000000000 0xffffffffffffffff

Linker script and memory map

LOAD /tmp/ccLDlGOS.o
                0x0000000080000000                . = 0x80000000

.text.init      0x0000000080000000     0xb3e0
 *(.text.init)
 .text.init     0x0000000080000000     0xb3e0 /tmp/ccLDlGOS.o
                0x0000000080000000                rvtest_entry_point
                0x0000000080000000                rvtest_init
                0x0000000080000178                rvtest_code_begin
                0x000000008000b324                rvtest_code_end
                0x000000008000b324                cleanup_epilogs
                0x000000008000c000                . = ALIGN (0x1000)

.text           0x000000008000c000        0x0
 *(.text)
 .text          0x000000008000c000        0x0 /tmp/ccLDlGOS.o

.rodata
 *(.rodata .rodata.*)
                0x00000000a0010000                . = 0xa0010000
                0x00000000a0010000                . = ALIGN (0x1000)

.tohost         0x00000000a0010000      0x108
 *(.tohost)
 .tohost        0x00000000a0010000      0x108 /tmp/ccLDlGOS.o
                0x00000000a0010000                tohost
                0x00000000a0010100                fromhost
                0x00000000a0011000                . = ALIGN (0x1000)

.data           0x00000000a0011000     0x2ca0
 *(.data)
 .data          0x00000000a0011000     0x2ca0 /tmp/ccLDlGOS.o
                0x00000000a0011000                rvtest_data_begin
                0x00000000a0012000                begin_regstate
                0x00000000a0012000                rvtest_data_end
                0x00000000a0012100                end_regstate
                0x00000000a0012110                begin_signature
                0x00000000a0013ca0                end_signature

.data.string
 *(.data.string)

.bss            0x00000000a0013ca0        0x0
 *(.bss)
 .bss           0x00000000a0013ca0        0x0 /tmp/ccLDlGOS.o
                0x00000000a0013ca0                _end = .
OUTPUT(my.elf elf64-littleriscv)

.riscv.attributes
                0x0000000000000000       0x28
 .riscv.attributes
                0x0000000000000000       0x28 /tmp/ccLDlGOS.o

.debug_line     0x0000000000000000     0x1518
 .debug_line    0x0000000000000000     0x1518 /tmp/ccLDlGOS.o

.debug_line_str
                0x0000000000000000       0x80
 .debug_line_str
                0x0000000000000000       0x80 /tmp/ccLDlGOS.o

.debug_info     0x0000000000000000       0x2a
 .debug_info    0x0000000000000000       0x2a /tmp/ccLDlGOS.o

.debug_abbrev   0x0000000000000000       0x14
 .debug_abbrev  0x0000000000000000       0x14 /tmp/ccLDlGOS.o

.debug_aranges  0x0000000000000000       0x30
 .debug_aranges
                0x0000000000000000       0x30 /tmp/ccLDlGOS.o

.debug_str      0x0000000000000000       0x8c
 .debug_str     0x0000000000000000       0x8c /tmp/ccLDlGOS.o
