
There are no discarded input sections

Memory Configuration

Name             Origin             Length             Attributes
*default*        0x0000000000000000 0xffffffffffffffff

Linker script and memory map

LOAD /tmp/cc8skq0I.o
                0x0000000080000000                . = 0x80000000

.text.init      0x0000000080000000   0x843480
 *(.text.init)
 .text.init     0x0000000080000000   0x843480 /tmp/cc8skq0I.o
                0x0000000080000000                rvtest_entry_point
                0x0000000080000000                rvtest_init
                0x0000000080000178                rvtest_code_begin
                0x00000000808433c4                rvtest_code_end
                0x00000000808433c4                cleanup_epilogs
                0x0000000080844000                . = ALIGN (0x1000)

.text           0x0000000080844000        0x0
 *(.text)
 .text          0x0000000080844000        0x0 /tmp/cc8skq0I.o

.rodata
 *(.rodata .rodata.*)
                0x00000000a0010000                . = 0xa0010000
                0x00000000a0010000                . = ALIGN (0x1000)

.tohost         0x00000000a0010000      0x108
 *(.tohost)
 .tohost        0x00000000a0010000      0x108 /tmp/cc8skq0I.o
                0x00000000a0010000                tohost
                0x00000000a0010100                fromhost
                0x00000000a0011000                . = ALIGN (0x1000)

.data           0x00000000a0011000   0x3e4870
 *(.data)
 .data          0x00000000a0011000   0x3e4870 /tmp/cc8skq0I.o
                0x00000000a0011000                rvtest_data_begin
                0x00000000a0267000                begin_regstate
                0x00000000a0267000                rvtest_data_end
                0x00000000a0267100                end_regstate
                0x00000000a0267110                begin_signature
                0x00000000a03f5870                end_signature

.data.string
 *(.data.string)

.bss            0x00000000a03f5870        0x0
 *(.bss)
 .bss           0x00000000a03f5870        0x0 /tmp/cc8skq0I.o
                0x00000000a03f5870                _end = .
OUTPUT(my.elf elf64-littleriscv)

.riscv.attributes
                0x0000000000000000       0x31
 .riscv.attributes
                0x0000000000000000       0x31 /tmp/cc8skq0I.o

.debug_line     0x0000000000000000    0x969d2
 .debug_line    0x0000000000000000    0x969d2 /tmp/cc8skq0I.o

.debug_line_str
                0x0000000000000000       0x8c
 .debug_line_str
                0x0000000000000000       0x8c /tmp/cc8skq0I.o

.debug_info     0x0000000000000000       0x2b
 .debug_info    0x0000000000000000       0x2b /tmp/cc8skq0I.o

.debug_abbrev   0x0000000000000000       0x14
 .debug_abbrev  0x0000000000000000       0x14 /tmp/cc8skq0I.o

.debug_aranges  0x0000000000000000       0x30
 .debug_aranges
                0x0000000000000000       0x30 /tmp/cc8skq0I.o

.debug_str      0x0000000000000000       0x98
 .debug_str     0x0000000000000000       0x98 /tmp/cc8skq0I.o
