
There are no discarded input sections

Memory Configuration

Name             Origin             Length             Attributes
*default*        0x0000000000000000 0xffffffffffffffff

Linker script and memory map

LOAD /tmp/ccUhYsJG.o
                0x0000000080000000                . = 0x80000000

.text.init      0x0000000080000000      0xd00
 *(.text.init)
 .text.init     0x0000000080000000      0xd00 /tmp/ccUhYsJG.o
                0x0000000080000000                rvtest_entry_point
                0x0000000080000000                rvtest_init
                0x000000008000025c                rvtest_code_begin
                0x00000000800002b4                rvtest_code_end
                0x00000000800002bc                cleanup_epilogs
                0x00000000800002fc                rvtest_Mend
                0x0000000080000340                Mtrampoline
                0x0000000080000514                common_Mentry
                0x0000000080001000                . = ALIGN (0x1000)

.text           0x0000000080001000        0x0
 *(.text)
 .text          0x0000000080001000        0x0 /tmp/ccUhYsJG.o

.rodata
 *(.rodata .rodata.*)
                0x00000000a0010000                . = 0xa0010000
                0x00000000a0010000                . = ALIGN (0x1000)

.tohost         0x00000000a0010000      0x108
 *(.tohost)
 .tohost        0x00000000a0010000      0x108 /tmp/ccUhYsJG.o
                0x00000000a0010000                tohost
                0x00000000a0010100                fromhost
                0x00000000a0011000                . = ALIGN (0x1000)

.data           0x00000000a0011000     0x1150
 *(.data)
 .data          0x00000000a0011000     0x1150 /tmp/ccUhYsJG.o
                0x00000000a0011000                Mtramptbl_sv
                0x00000000a0011298                rvtest_data_begin
                0x00000000a0012000                begin_regstate
                0x00000000a0012000                rvtest_data_end
                0x00000000a0012100                end_regstate
                0x00000000a0012110                begin_signature
                0x00000000a0012150                end_signature

.data.string
 *(.data.string)

.bss            0x00000000a0012150        0x0
 *(.bss)
 .bss           0x00000000a0012150        0x0 /tmp/ccUhYsJG.o
                0x00000000a0012150                _end = .
OUTPUT(my.elf elf64-littleriscv)

.riscv.attributes
                0x0000000000000000       0x27
 .riscv.attributes
                0x0000000000000000       0x27 /tmp/ccUhYsJG.o

.debug_line     0x0000000000000000       0x84
 .debug_line    0x0000000000000000       0x84 /tmp/ccUhYsJG.o

.debug_line_str
                0x0000000000000000       0x8c
 .debug_line_str
                0x0000000000000000       0x8c /tmp/ccUhYsJG.o

.debug_info     0x0000000000000000       0x29
 .debug_info    0x0000000000000000       0x29 /tmp/ccUhYsJG.o

.debug_abbrev   0x0000000000000000       0x14
 .debug_abbrev  0x0000000000000000       0x14 /tmp/ccUhYsJG.o

.debug_aranges  0x0000000000000000       0x30
 .debug_aranges
                0x0000000000000000       0x30 /tmp/ccUhYsJG.o

.debug_str      0x0000000000000000       0x98
 .debug_str     0x0000000000000000       0x98 /tmp/ccUhYsJG.o
