
There are no discarded input sections

Memory Configuration

Name             Origin             Length             Attributes
*default*        0x0000000000000000 0xffffffffffffffff

Linker script and memory map

LOAD /tmp/ccaGdeOX.o
                0x0000000080000000                . = 0x80000000

.text.init      0x0000000080000000     0x64c0
 *(.text.init)
 .text.init     0x0000000080000000     0x64c0 /tmp/ccaGdeOX.o
                0x0000000080000000                rvtest_entry_point
                0x0000000080000000                rvtest_init
                0x0000000080000178                rvtest_code_begin
                0x00000000800063fc                rvtest_code_end
                0x00000000800063fc                cleanup_epilogs
                0x0000000080007000                . = ALIGN (0x1000)

.text           0x0000000080007000        0x0
 *(.text)
 .text          0x0000000080007000        0x0 /tmp/ccaGdeOX.o

.rodata
 *(.rodata .rodata.*)
                0x00000000a0010000                . = 0xa0010000
                0x00000000a0010000                . = ALIGN (0x1000)

.tohost         0x00000000a0010000      0x108
 *(.tohost)
 .tohost        0x00000000a0010000      0x108 /tmp/ccaGdeOX.o
                0x00000000a0010000                tohost
                0x00000000a0010100                fromhost
                0x00000000a0011000                . = ALIGN (0x1000)

.data           0x00000000a0011000     0x46d0
 *(.data)
 .data          0x00000000a0011000     0x46d0 /tmp/ccaGdeOX.o
                0x00000000a0011000                rvtest_data_begin
                0x00000000a0014000                begin_regstate
                0x00000000a0014000                rvtest_data_end
                0x00000000a0014100                end_regstate
                0x00000000a0014110                begin_signature
                0x00000000a00156d0                end_signature

.data.string
 *(.data.string)

.bss            0x00000000a00156d0        0x0
 *(.bss)
 .bss           0x00000000a00156d0        0x0 /tmp/ccaGdeOX.o
                0x00000000a00156d0                _end = .
OUTPUT(my.elf elf64-littleriscv)

.riscv.attributes
                0x0000000000000000       0x31
 .riscv.attributes
                0x0000000000000000       0x31 /tmp/ccaGdeOX.o

.debug_line     0x0000000000000000      0x89a
 .debug_line    0x0000000000000000      0x89a /tmp/ccaGdeOX.o

.debug_line_str
                0x0000000000000000       0x8a
 .debug_line_str
                0x0000000000000000       0x8a /tmp/ccaGdeOX.o

.debug_info     0x0000000000000000       0x2a
 .debug_info    0x0000000000000000       0x2a /tmp/ccaGdeOX.o

.debug_abbrev   0x0000000000000000       0x14
 .debug_abbrev  0x0000000000000000       0x14 /tmp/ccaGdeOX.o

.debug_aranges  0x0000000000000000       0x30
 .debug_aranges
                0x0000000000000000       0x30 /tmp/ccaGdeOX.o

.debug_str      0x0000000000000000       0x96
 .debug_str     0x0000000000000000       0x96 /tmp/ccaGdeOX.o
