
There are no discarded input sections

Memory Configuration

Name             Origin             Length             Attributes
*default*        0x0000000000000000 0xffffffffffffffff

Linker script and memory map

LOAD /tmp/ccF1pIf1.o
                0x0000000080000000                . = 0x80000000

.text.init      0x0000000080000000     0xd380
 *(.text.init)
 .text.init     0x0000000080000000     0xd380 /tmp/ccF1pIf1.o
                0x0000000080000000                rvtest_entry_point
                0x0000000080000000                rvtest_init
                0x0000000080000178                rvtest_code_begin
                0x000000008000d2c0                rvtest_code_end
                0x000000008000d2c0                cleanup_epilogs
                0x000000008000e000                . = ALIGN (0x1000)

.text           0x000000008000e000        0x0
 *(.text)
 .text          0x000000008000e000        0x0 /tmp/ccF1pIf1.o

.rodata
 *(.rodata .rodata.*)
                0x00000000a0010000                . = 0xa0010000
                0x00000000a0010000                . = ALIGN (0x1000)

.tohost         0x00000000a0010000      0x108
 *(.tohost)
 .tohost        0x00000000a0010000      0x108 /tmp/ccF1pIf1.o
                0x00000000a0010000                tohost
                0x00000000a0010100                fromhost
                0x00000000a0011000                . = ALIGN (0x1000)

.data           0x00000000a0011000     0x5d20
 *(.data)
 .data          0x00000000a0011000     0x5d20 /tmp/ccF1pIf1.o
                0x00000000a0011000                rvtest_data_begin
                0x00000000a0013000                begin_regstate
                0x00000000a0013000                rvtest_data_end
                0x00000000a0013100                end_regstate
                0x00000000a0013110                begin_signature
                0x00000000a0016d20                end_signature

.data.string
 *(.data.string)

.bss            0x00000000a0016d20        0x0
 *(.bss)
 .bss           0x00000000a0016d20        0x0 /tmp/ccF1pIf1.o
                0x00000000a0016d20                _end = .
OUTPUT(my.elf elf64-littleriscv)

.riscv.attributes
                0x0000000000000000       0x2c
 .riscv.attributes
                0x0000000000000000       0x2c /tmp/ccF1pIf1.o

.debug_line     0x0000000000000000     0x1716
 .debug_line    0x0000000000000000     0x1716 /tmp/ccF1pIf1.o

.debug_line_str
                0x0000000000000000       0x86
 .debug_line_str
                0x0000000000000000       0x86 /tmp/ccF1pIf1.o

.debug_info     0x0000000000000000       0x2a
 .debug_info    0x0000000000000000       0x2a /tmp/ccF1pIf1.o

.debug_abbrev   0x0000000000000000       0x14
 .debug_abbrev  0x0000000000000000       0x14 /tmp/ccF1pIf1.o

.debug_aranges  0x0000000000000000       0x30
 .debug_aranges
                0x0000000000000000       0x30 /tmp/ccF1pIf1.o

.debug_str      0x0000000000000000       0x92
 .debug_str     0x0000000000000000       0x92 /tmp/ccF1pIf1.o
