
There are no discarded input sections

Memory Configuration

Name             Origin             Length             Attributes
*default*        0x0000000000000000 0xffffffffffffffff

Linker script and memory map

LOAD /tmp/cccnFFHq.o
                0x0000000080000000                . = 0x80000000

.text.init      0x0000000080000000    0x13040
 *(.text.init)
 .text.init     0x0000000080000000    0x13040 /tmp/cccnFFHq.o
                0x0000000080000000                rvtest_entry_point
                0x0000000080000000                rvtest_init
                0x0000000080000178                rvtest_code_begin
                0x0000000080012f80                rvtest_code_end
                0x0000000080012f80                cleanup_epilogs
                0x0000000080014000                . = ALIGN (0x1000)

.text           0x0000000080014000        0x0
 *(.text)
 .text          0x0000000080014000        0x0 /tmp/cccnFFHq.o

.rodata
 *(.rodata .rodata.*)
                0x00000000a0010000                . = 0xa0010000
                0x00000000a0010000                . = ALIGN (0x1000)

.tohost         0x00000000a0010000      0x108
 *(.tohost)
 .tohost        0x00000000a0010000      0x108 /tmp/cccnFFHq.o
                0x00000000a0010000                tohost
                0x00000000a0010100                fromhost
                0x00000000a0011000                . = ALIGN (0x1000)

.data           0x00000000a0011000     0x83e0
 *(.data)
 .data          0x00000000a0011000     0x83e0 /tmp/cccnFFHq.o
                0x00000000a0011000                rvtest_data_begin
                0x00000000a0014000                begin_regstate
                0x00000000a0014000                rvtest_data_end
                0x00000000a0014100                end_regstate
                0x00000000a0014110                begin_signature
                0x00000000a00193e0                end_signature

.data.string
 *(.data.string)

.bss            0x00000000a00193e0        0x0
 *(.bss)
 .bss           0x00000000a00193e0        0x0 /tmp/cccnFFHq.o
                0x00000000a00193e0                _end = .
OUTPUT(my.elf elf64-littleriscv)

.riscv.attributes
                0x0000000000000000       0x2c
 .riscv.attributes
                0x0000000000000000       0x2c /tmp/cccnFFHq.o

.debug_line     0x0000000000000000     0x1fb0
 .debug_line    0x0000000000000000     0x1fb0 /tmp/cccnFFHq.o

.debug_line_str
                0x0000000000000000       0x84
 .debug_line_str
                0x0000000000000000       0x84 /tmp/cccnFFHq.o

.debug_info     0x0000000000000000       0x2a
 .debug_info    0x0000000000000000       0x2a /tmp/cccnFFHq.o

.debug_abbrev   0x0000000000000000       0x14
 .debug_abbrev  0x0000000000000000       0x14 /tmp/cccnFFHq.o

.debug_aranges  0x0000000000000000       0x30
 .debug_aranges
                0x0000000000000000       0x30 /tmp/cccnFFHq.o

.debug_str      0x0000000000000000       0x90
 .debug_str     0x0000000000000000       0x90 /tmp/cccnFFHq.o
