
There are no discarded input sections

Memory Configuration

Name             Origin             Length             Attributes
*default*        0x0000000000000000 0xffffffffffffffff

Linker script and memory map

LOAD /tmp/ccVGsQ41.o
                0x0000000080000000                . = 0x80000000

.text.init      0x0000000080000000      0xd80
 *(.text.init)
 .text.init     0x0000000080000000      0xd80 /tmp/ccVGsQ41.o
                0x0000000080000000                rvtest_entry_point
                0x0000000080000000                rvtest_init
                0x000000008000025c                rvtest_code_begin
                0x0000000080000330                rvtest_code_end
                0x0000000080000338                cleanup_epilogs
                0x0000000080000378                rvtest_Mend
                0x00000000800003c0                Mtrampoline
                0x0000000080000594                common_Mentry
                0x0000000080001000                . = ALIGN (0x1000)

.text           0x0000000080001000        0x0
 *(.text)
 .text          0x0000000080001000        0x0 /tmp/ccVGsQ41.o

.rodata
 *(.rodata .rodata.*)
                0x00000000a0010000                . = 0xa0010000
                0x00000000a0010000                . = ALIGN (0x1000)

.tohost         0x00000000a0010000      0x108
 *(.tohost)
 .tohost        0x00000000a0010000      0x108 /tmp/ccVGsQ41.o
                0x00000000a0010000                tohost
                0x00000000a0010100                fromhost
                0x00000000a0011000                . = ALIGN (0x1000)

.data           0x00000000a0011000     0x1350
 *(.data)
 .data          0x00000000a0011000     0x1350 /tmp/ccVGsQ41.o
                0x00000000a0011000                Mtramptbl_sv
                0x00000000a0011298                rvtest_data_begin
                0x00000000a0012000                begin_regstate
                0x00000000a0012000                rvtest_data_end
                0x00000000a0012100                end_regstate
                0x00000000a0012110                begin_signature
                0x00000000a0012350                end_signature

.data.string
 *(.data.string)

.bss            0x00000000a0012350        0x0
 *(.bss)
 .bss           0x00000000a0012350        0x0 /tmp/ccVGsQ41.o
                0x00000000a0012350                _end = .
OUTPUT(my.elf elf64-littleriscv)

.riscv.attributes
                0x0000000000000000       0x27
 .riscv.attributes
                0x0000000000000000       0x27 /tmp/ccVGsQ41.o

.debug_line     0x0000000000000000       0x72
 .debug_line    0x0000000000000000       0x72 /tmp/ccVGsQ41.o

.debug_line_str
                0x0000000000000000       0x9e
 .debug_line_str
                0x0000000000000000       0x9e /tmp/ccVGsQ41.o

.debug_info     0x0000000000000000       0x29
 .debug_info    0x0000000000000000       0x29 /tmp/ccVGsQ41.o

.debug_abbrev   0x0000000000000000       0x14
 .debug_abbrev  0x0000000000000000       0x14 /tmp/ccVGsQ41.o

.debug_aranges  0x0000000000000000       0x30
 .debug_aranges
                0x0000000000000000       0x30 /tmp/ccVGsQ41.o

.debug_str      0x0000000000000000       0xaa
 .debug_str     0x0000000000000000       0xaa /tmp/ccVGsQ41.o
